
> beaver-calc-frontend@0.1.0 build
> vite build

node.exe : [33mThe CJS build of Vite's Node API is deprecated. See 
https://vite.dev/guide/troubleshooting.html#vite-cjs-node-api-deprecated for more details.[39m
At C:\Program Files\nodejs\npm.ps1:29 char:3
+   & $NODE_EXE $NPM_CLI_JS $args
+   ~~~~~~~~~~~~~~~~~~~~~~~~~~~~~
    + CategoryInfo          : NotSpecified: ([33mThe CJS bu...e details.[39m:String) [], RemoteException
    + FullyQualifiedErrorId : NativeCommandError
 
[36mvite v5.4.21 [32mbuilding for production...[36m[39m
transforming...
[baseline-browser-mapping] The data in this module is over two months old.  To ensure accurate Baseline data, please 
update: `npm i baseline-browser-mapping@latest -D`
[32mÔ£ô[39m 20 modules transformed.
[31mx[39m Build failed in 2.37s
[31merror during build:
[31m[vite:esbuild] Transform failed with 4 errors:
C:/Users/Matty/Desktop/BEAVER CALC STUDIO 
BRIEF/structural-engineer-calculator/frontend/src/pages/calculators/CutFillVolumes.tsx:1025:14: ERROR: Unexpected 
closing "motion.div" tag does not match opening "div" tag
C:/Users/Matty/Desktop/BEAVER CALC STUDIO 
BRIEF/structural-engineer-calculator/frontend/src/pages/calculators/CutFillVolumes.tsx:1026:11: ERROR: The character 
"}" is not valid inside a JSX element
C:/Users/Matty/Desktop/BEAVER CALC STUDIO 
BRIEF/structural-engineer-calculator/frontend/src/pages/calculators/CutFillVolumes.tsx:1073:10: ERROR: Unexpected 
closing "AnimatePresence" tag does not match opening "motion.div" tag
C:/Users/Matty/Desktop/BEAVER CALC STUDIO 
BRIEF/structural-engineer-calculator/frontend/src/pages/calculators/CutFillVolumes.tsx:1074:14: ERROR: Unterminated 
regular expression[31m
file: [36mC:/Users/Matty/Desktop/BEAVER CALC STUDIO 
BRIEF/structural-engineer-calculator/frontend/src/pages/calculators/CutFillVolumes.tsx:1025:14[31m
[33m
[33mUnexpected closing "motion.div" tag does not match opening "div" tag[33m
1023|                </Card>
1024|              )}
1025|              </motion.div>
   |                ^
1026|            )}
1027|  

[33mThe character "}" is not valid inside a JSX element[33m
1024|              )}
1025|              </motion.div>
1026|            )}
   |             ^
1027|  
1028|            {activeTab === 'results' && results && (

[33mUnexpected closing "AnimatePresence" tag does not match opening "motion.div" tag[33m
1071|              </motion.div>
1072|            )}
1073|          </AnimatePresence>
   |            ^
1074|          </div>
1075|        </div>

[33mUnterminated regular expression[33m
1072|            )}
1073|          </AnimatePresence>
1074|          </div>
   |                ^
1075|        </div>
1076|      </div>
[31m
    at failureErrorWithLog (C:\Users\Matty\Desktop\BEAVER CALC STUDIO 
BRIEF\structural-engineer-calculator\frontend\node_modules\esbuild\lib\main.js:1472:15)
    at C:\Users\Matty\Desktop\BEAVER CALC STUDIO 
BRIEF\structural-engineer-calculator\frontend\node_modules\esbuild\lib\main.js:755:50
    at responseCallbacks.<computed> (C:\Users\Matty\Desktop\BEAVER CALC STUDIO 
BRIEF\structural-engineer-calculator\frontend\node_modules\esbuild\lib\main.js:622:9)
    at handleIncomingPacket (C:\Users\Matty\Desktop\BEAVER CALC STUDIO 
BRIEF\structural-engineer-calculator\frontend\node_modules\esbuild\lib\main.js:677:12)
    at Socket.readFromStdout (C:\Users\Matty\Desktop\BEAVER CALC STUDIO 
BRIEF\structural-engineer-calculator\frontend\node_modules\esbuild\lib\main.js:600:7)
    at Socket.emit (node:events:513:28)
    at addChunk (node:internal/streams/readable:559:12)
    at readableAddChunkPushByteMode (node:internal/streams/readable:510:3)
    at Readable.push (node:internal/streams/readable:390:5)
    at Pipe.onStreamRead (node:internal/stream_base_commons:189:23)[39m
